// Jest Snapshot v1, https://goo.gl/fbAQLP

exports[` 1`] = `
  1 |
  2 |         type User {
  3 |           id: ID!
> 4 |           firstName: String
    |           ^^^^^^^^^ Field "firstName" is unused
  5 |         }
  6 |       
`;

exports[` 2`] = `
  1 |
  2 |         type Query {
  3 |           user(id: ID!): User
  4 |         }
  5 |
  6 |         type Mutation {
> 7 |           deleteUser(id: ID!): User
    |           ^^^^^^^^^^ Field "deleteUser" is unused
  8 |         }
  9 |       
`;
